// Jest Snapshot v1, https://goo.gl/fbAQLP

exports[`matches snapshot of VideoPlayer 1`] = `
<div>
  <span>
    <div
      className={undefined}
      id={undefined}
    />
  </span>
  <p
    className="lg"
  >
    Press the space key to move on once the video has ended
     
  </p>
</div>
`;
